\set ECHO none
 id | data 
----+------
(0 rows)

 id | data 
----+------
(0 rows)

