-- Only show warning or error messages in the tests output
\set ECHO none
 cdb_conf_setconf 
------------------
 
(1 row)

 cdb_conf_setconf 
------------------
 
(1 row)

CREATE SCHEMA
DROP ROLE
CREATE ROLE
GRANT ROLE
ALTER ROLE
