-- Add to the search path the schema
SET search_path TO public,cartodb,cdb_dataservices_client;
-- Mock the server functions
CREATE OR REPLACE FUNCTION cdb_dataservices_server.cdb_geocode_namedplace_point(username text, orgname text, city_name text)
RETURNS Geometry AS $$
BEGIN
  RAISE NOTICE 'cdb_dataservices_server.cdb_geocode_namedplace_point invoked with params (%, %, %)', username, orgname, city_name;
  RETURN NULL;
END;
$$ LANGUAGE 'plpgsql';
CREATE OR REPLACE FUNCTION cdb_dataservices_server.cdb_geocode_namedplace_point(username text, orgname text, city_name text, country_name text)
RETURNS Geometry AS $$
BEGIN
  RAISE NOTICE 'cdb_dataservices_server.cdb_geocode_namedplace_point invoked with params (%, %, %, %)', username, orgname, city_name, country_name;
  RETURN NULL;
END;
$$ LANGUAGE 'plpgsql';
CREATE OR REPLACE FUNCTION cdb_dataservices_server.cdb_geocode_namedplace_point(username text, orgname text, city_name text, admin1_name text, country_name text)
RETURNS Geometry AS $$
BEGIN
  RAISE NOTICE 'cdb_dataservices_server.cdb_geocode_namedplace_point invoked with params (%, %, %, %, %)', username, orgname, city_name, admin1_name, country_name;
  RETURN NULL;
END;
$$ LANGUAGE 'plpgsql';
-- Exercise the public and the proxied function
SELECT cdb_geocode_namedplace_point('Elx');
NOTICE:  cdb_dataservices_client._cdb_geocode_namedplace_point(3): [contrib_regression] REMOTE NOTICE: cdb_dataservices_server.cdb_geocode_namedplace_point invoked with params (test_user, <NULL>, Elx)
CONTEXT:  SQL statement "SELECT cdb_dataservices_client._cdb_geocode_namedplace_point(username, orgname, city_name)"
PL/pgSQL function cdb_geocode_namedplace_point(text) line 16 at SQL statement
 cdb_geocode_namedplace_point 
------------------------------
 
(1 row)

SELECT cdb_geocode_namedplace_point('Elx', 'Spain');
NOTICE:  cdb_dataservices_client._cdb_geocode_namedplace_point(4): [contrib_regression] REMOTE NOTICE: cdb_dataservices_server.cdb_geocode_namedplace_point invoked with params (test_user, <NULL>, Elx, Spain)
CONTEXT:  SQL statement "SELECT cdb_dataservices_client._cdb_geocode_namedplace_point(username, orgname, city_name, country_name)"
PL/pgSQL function cdb_geocode_namedplace_point(text,text) line 16 at SQL statement
 cdb_geocode_namedplace_point 
------------------------------
 
(1 row)

SELECT cdb_geocode_namedplace_point('Elx', 'Valencia', 'Spain');
NOTICE:  cdb_dataservices_client._cdb_geocode_namedplace_point(5): [contrib_regression] REMOTE NOTICE: cdb_dataservices_server.cdb_geocode_namedplace_point invoked with params (test_user, <NULL>, Elx, Valencia, Spain)
CONTEXT:  SQL statement "SELECT cdb_dataservices_client._cdb_geocode_namedplace_point(username, orgname, city_name, admin1_name, country_name)"
PL/pgSQL function cdb_geocode_namedplace_point(text,text,text) line 16 at SQL statement
 cdb_geocode_namedplace_point 
------------------------------
 
(1 row)

