-- Add to the search path the schema
SET search_path TO public,cartodb,cdb_dataservices_client;
-- Mock the server functions
CREATE OR REPLACE FUNCTION cdb_dataservices_server.cdb_route_point_to_point (username text, orgname text, origin geometry(Point, 4326), destination geometry(Point, 4326), mode TEXT, options text[] DEFAULT ARRAY[]::text[], units text DEFAULT 'kilometers')
RETURNS cdb_dataservices_client.simple_route AS $$
DECLARE 
  ret cdb_dataservices_client.simple_route;
BEGIN
  RAISE NOTICE 'cdb_dataservices_server.cdb_route_point_to_point invoked with params (%, %, %, %, %, %, %)', username, orgname, origin, destination, mode, options, units;
  SELECT NULL, 5.33, 100 INTO ret;
  RETURN ret;
END;
$$ LANGUAGE 'plpgsql';
CREATE OR REPLACE FUNCTION cdb_dataservices_server.cdb_route_with_waypoints(username text, orgname text, waypoints geometry(Point, 4326)[], mode TEXT, options text[] DEFAULT ARRAY[]::text[], units text DEFAULT 'kilometers')
RETURNS cdb_dataservices_client.simple_route AS $$
DECLARE 
  ret cdb_dataservices_client.simple_route;
BEGIN
  RAISE NOTICE 'cdb_dataservices_server.cdb_route_with_waypoints invoked with params (%, %, %, %, %, %)', username, orgname, waypoints, mode, options, units;
  SELECT NULL, 2.22, 500 INTO ret;
  RETURN ret;
END;
$$ LANGUAGE 'plpgsql';
-- Exercise the public and the proxied functions
SELECT cdb_route_point_to_point('POINT(-87.81406 41.89308)'::geometry,'POINT(-87.79209 41.86138)'::geometry, 'car');
NOTICE:  cdb_dataservices_client._cdb_route_point_to_point(7): [contrib_regression] REMOTE NOTICE: cdb_dataservices_server.cdb_route_point_to_point invoked with params (test_user, <NULL>, 0101000000D53E1D8F19F455C0185B087250F24440, 0101000000465F419AB1F255C0D8B628B341EE4440, car, {}, kilometers)
CONTEXT:  SQL statement "SELECT * FROM cdb_dataservices_client._cdb_route_point_to_point(username, orgname, origin, destination, mode, options, units)"
PL/pgSQL function cdb_route_point_to_point(geometry,geometry,text,text[],text) line 16 at SQL statement
 cdb_route_point_to_point 
--------------------------
 (,5.33,100)
(1 row)

SELECT cdb_route_point_to_point('POINT(-87.81406 41.89308)'::geometry,'POINT(-87.79209 41.86138)'::geometry, 'car', ARRAY['mode_type=shortest']::text[]);
NOTICE:  cdb_dataservices_client._cdb_route_point_to_point(7): [contrib_regression] REMOTE NOTICE: cdb_dataservices_server.cdb_route_point_to_point invoked with params (test_user, <NULL>, 0101000000D53E1D8F19F455C0185B087250F24440, 0101000000465F419AB1F255C0D8B628B341EE4440, car, {mode_type=shortest}, kilometers)
CONTEXT:  SQL statement "SELECT * FROM cdb_dataservices_client._cdb_route_point_to_point(username, orgname, origin, destination, mode, options, units)"
PL/pgSQL function cdb_route_point_to_point(geometry,geometry,text,text[],text) line 16 at SQL statement
 cdb_route_point_to_point 
--------------------------
 (,5.33,100)
(1 row)

SELECT cdb_route_point_to_point('POINT(-87.81406 41.89308)'::geometry,'POINT(-87.79209 41.86138)'::geometry, 'car', ARRAY[]::text[], 'miles');
NOTICE:  cdb_dataservices_client._cdb_route_point_to_point(7): [contrib_regression] REMOTE NOTICE: cdb_dataservices_server.cdb_route_point_to_point invoked with params (test_user, <NULL>, 0101000000D53E1D8F19F455C0185B087250F24440, 0101000000465F419AB1F255C0D8B628B341EE4440, car, {}, miles)
CONTEXT:  SQL statement "SELECT * FROM cdb_dataservices_client._cdb_route_point_to_point(username, orgname, origin, destination, mode, options, units)"
PL/pgSQL function cdb_route_point_to_point(geometry,geometry,text,text[],text) line 16 at SQL statement
 cdb_route_point_to_point 
--------------------------
 (,5.33,100)
(1 row)

SELECT cdb_route_with_waypoints(Array['POINT(-87.81406 41.89308)'::geometry,'POINT(-87.80406 41.87308)'::geometry,'POINT(-87.79209 41.86138)'::geometry], 'car');
NOTICE:  cdb_dataservices_client._cdb_route_with_waypoints(6): [contrib_regression] REMOTE NOTICE: cdb_dataservices_server.cdb_route_with_waypoints invoked with params (test_user, <NULL>, {0101000000D53E1D8F19F455C0185B087250F24440:0101000000650113B875F355C05665DF15C1EF4440:0101000000465F419AB1F255C0D8B628B341EE4440}, car, {}, kilometers)
CONTEXT:  SQL statement "SELECT * FROM cdb_dataservices_client._cdb_route_with_waypoints(username, orgname, waypoints, mode, options, units)"
PL/pgSQL function cdb_route_with_waypoints(geometry[],text,text[],text) line 16 at SQL statement
 cdb_route_with_waypoints 
--------------------------
 (,2.22,500)
(1 row)

SELECT cdb_route_with_waypoints(Array['POINT(-87.81406 41.89308)'::geometry,'POINT(-87.80406 41.87308)'::geometry,'POINT(-87.79209 41.86138)'::geometry], 'car', ARRAY['mode_type=shortest']::text[]);
NOTICE:  cdb_dataservices_client._cdb_route_with_waypoints(6): [contrib_regression] REMOTE NOTICE: cdb_dataservices_server.cdb_route_with_waypoints invoked with params (test_user, <NULL>, {0101000000D53E1D8F19F455C0185B087250F24440:0101000000650113B875F355C05665DF15C1EF4440:0101000000465F419AB1F255C0D8B628B341EE4440}, car, {mode_type=shortest}, kilometers)
CONTEXT:  SQL statement "SELECT * FROM cdb_dataservices_client._cdb_route_with_waypoints(username, orgname, waypoints, mode, options, units)"
PL/pgSQL function cdb_route_with_waypoints(geometry[],text,text[],text) line 16 at SQL statement
 cdb_route_with_waypoints 
--------------------------
 (,2.22,500)
(1 row)

SELECT cdb_route_with_waypoints(Array['POINT(-87.81406 41.89308)'::geometry,'POINT(-87.80406 41.87308)'::geometry,'POINT(-87.79209 41.86138)'::geometry], 'car', ARRAY[]::text[], 'miles');
NOTICE:  cdb_dataservices_client._cdb_route_with_waypoints(6): [contrib_regression] REMOTE NOTICE: cdb_dataservices_server.cdb_route_with_waypoints invoked with params (test_user, <NULL>, {0101000000D53E1D8F19F455C0185B087250F24440:0101000000650113B875F355C05665DF15C1EF4440:0101000000465F419AB1F255C0D8B628B341EE4440}, car, {}, miles)
CONTEXT:  SQL statement "SELECT * FROM cdb_dataservices_client._cdb_route_with_waypoints(username, orgname, waypoints, mode, options, units)"
PL/pgSQL function cdb_route_with_waypoints(geometry[],text,text[],text) line 16 at SQL statement
 cdb_route_with_waypoints 
--------------------------
 (,2.22,500)
(1 row)

